Archive member included because of file (symbol)

c:/program files (x86)/atmel/avr studio 5.1/extensions/atmel/avrgcc/3.3.1.27/avrtoolchain/bin/../lib/gcc/avr/4.5.1/avr51\libgcc.a(_udivmodhi4.o)
                              uart.o (__udivmodhi4)
c:/program files (x86)/atmel/avr studio 5.1/extensions/atmel/avrgcc/3.3.1.27/avrtoolchain/bin/../lib/gcc/avr/4.5.1/avr51\libgcc.a(_udivmodsi4.o)
                              uart.o (__udivmodsi4)
c:/program files (x86)/atmel/avr studio 5.1/extensions/atmel/avrgcc/3.3.1.27/avrtoolchain/bin/../lib/gcc/avr/4.5.1/avr51\libgcc.a(_exit.o)
                              c:/program files (x86)/atmel/avr studio 5.1/extensions/atmel/avrgcc/3.3.1.27/avrtoolchain/bin/../lib/gcc/avr/4.5.1/../../../../avr/lib/avr51/crtm128.o (exit)
c:/program files (x86)/atmel/avr studio 5.1/extensions/atmel/avrgcc/3.3.1.27/avrtoolchain/bin/../lib/gcc/avr/4.5.1/avr51\libgcc.a(_clear_bss.o)
                              uart.o (__do_clear_bss)

Allocating common symbols
Common symbol       size              file

UartRxBuffer        0x8               uart.o
UartTxBuffer        0x8               uart.o
UartRxBufferStart   0x1               uart.o
UartTxBufferStart   0x1               uart.o
UartTxBufferLen     0x1               uart.o
UartRxBufferLen     0x1               uart.o

Memory Configuration

Name             Origin             Length             Attributes
text             0x00000000         0x00020000         xr
data             0x00800100         0x0000ff00         rw !x
eeprom           0x00810000         0x00010000         rw !x
fuse             0x00820000         0x00000400         rw !x
lock             0x00830000         0x00000400         rw !x
signature        0x00840000         0x00000400         rw !x
*default*        0x00000000         0xffffffff

Linker script and memory map

Address of section .data set to 0x800100
LOAD c:/program files (x86)/atmel/avr studio 5.1/extensions/atmel/avrgcc/3.3.1.27/avrtoolchain/bin/../lib/gcc/avr/4.5.1/../../../../avr/lib/avr51/crtm128.o
LOAD AVRGCC3.o
LOAD uart.o
LOAD c:/program files (x86)/atmel/avr studio 5.1/extensions/atmel/avrgcc/3.3.1.27/avrtoolchain/bin/../lib/gcc/avr/4.5.1/../../../../avr/lib/avr51\libm.a
LOAD c:/program files (x86)/atmel/avr studio 5.1/extensions/atmel/avrgcc/3.3.1.27/avrtoolchain/bin/../lib/gcc/avr/4.5.1/avr51\libgcc.a
LOAD c:/program files (x86)/atmel/avr studio 5.1/extensions/atmel/avrgcc/3.3.1.27/avrtoolchain/bin/../lib/gcc/avr/4.5.1/../../../../avr/lib/avr51\libc.a
LOAD c:/program files (x86)/atmel/avr studio 5.1/extensions/atmel/avrgcc/3.3.1.27/avrtoolchain/bin/../lib/gcc/avr/4.5.1/avr51\libgcc.a

.hash
 *(.hash)

.dynsym
 *(.dynsym)

.dynstr
 *(.dynstr)

.gnu.version
 *(.gnu.version)

.gnu.version_d
 *(.gnu.version_d)

.gnu.version_r
 *(.gnu.version_r)

.rel.init
 *(.rel.init)

.rela.init
 *(.rela.init)

.rel.text
 *(.rel.text)
 *(.rel.text.*)
 *(.rel.gnu.linkonce.t*)

.rela.text
 *(.rela.text)
 *(.rela.text.*)
 *(.rela.gnu.linkonce.t*)

.rel.fini
 *(.rel.fini)

.rela.fini
 *(.rela.fini)

.rel.rodata
 *(.rel.rodata)
 *(.rel.rodata.*)
 *(.rel.gnu.linkonce.r*)

.rela.rodata
 *(.rela.rodata)
 *(.rela.rodata.*)
 *(.rela.gnu.linkonce.r*)

.rel.data
 *(.rel.data)
 *(.rel.data.*)
 *(.rel.gnu.linkonce.d*)

.rela.data
 *(.rela.data)
 *(.rela.data.*)
 *(.rela.gnu.linkonce.d*)

.rel.ctors
 *(.rel.ctors)

.rela.ctors
 *(.rela.ctors)

.rel.dtors
 *(.rel.dtors)

.rela.dtors
 *(.rela.dtors)

.rel.got
 *(.rel.got)

.rela.got
 *(.rela.got)

.rel.bss
 *(.rel.bss)

.rela.bss
 *(.rela.bss)

.rel.plt
 *(.rel.plt)

.rela.plt
 *(.rela.plt)

.text           0x00000000      0x4d8
 *(.vectors)
 .vectors       0x00000000       0x8c c:/program files (x86)/atmel/avr studio 5.1/extensions/atmel/avrgcc/3.3.1.27/avrtoolchain/bin/../lib/gcc/avr/4.5.1/../../../../avr/lib/avr51/crtm128.o
                0x00000000                __vector_default
                0x00000000                __vectors
 *(.vectors)
 *(.progmem.gcc*)
 *(.progmem*)
 .progmem.data  0x0000008c       0x24 AVRGCC3.o
 .progmem.data  0x000000b0       0x11 uart.o
                0x000000c2                . = ALIGN (0x2)
 *fill*         0x000000c1        0x1 00
                0x000000c2                __trampolines_start = .
 *(.trampolines)
 .trampolines   0x000000c2        0x0 linker stubs
 *(.trampolines*)
                0x000000c2                __trampolines_end = .
 *(.jumptables)
 *(.jumptables*)
 *(.lowtext)
 *(.lowtext*)
                0x000000c2                __ctors_start = .
 *(.ctors)
                0x000000c2                __ctors_end = .
                0x000000c2                __dtors_start = .
 *(.dtors)
                0x000000c2                __dtors_end = .
 SORT(*)(.ctors)
 SORT(*)(.dtors)
 *(.init0)
 .init0         0x000000c2        0x0 c:/program files (x86)/atmel/avr studio 5.1/extensions/atmel/avrgcc/3.3.1.27/avrtoolchain/bin/../lib/gcc/avr/4.5.1/../../../../avr/lib/avr51/crtm128.o
                0x000000c2                __init
 *(.init0)
 *(.init1)
 *(.init1)
 *(.init2)
 .init2         0x000000c2        0xc c:/program files (x86)/atmel/avr studio 5.1/extensions/atmel/avrgcc/3.3.1.27/avrtoolchain/bin/../lib/gcc/avr/4.5.1/../../../../avr/lib/avr51/crtm128.o
 *(.init2)
 *(.init3)
 *(.init3)
 *(.init4)
 .init4         0x000000ce       0x10 c:/program files (x86)/atmel/avr studio 5.1/extensions/atmel/avrgcc/3.3.1.27/avrtoolchain/bin/../lib/gcc/avr/4.5.1/avr51\libgcc.a(_clear_bss.o)
                0x000000ce                __do_clear_bss
 *(.init4)
 *(.init5)
 *(.init5)
 *(.init6)
 *(.init6)
 *(.init7)
 *(.init7)
 *(.init8)
 *(.init8)
 *(.init9)
 .init9         0x000000de        0x8 c:/program files (x86)/atmel/avr studio 5.1/extensions/atmel/avrgcc/3.3.1.27/avrtoolchain/bin/../lib/gcc/avr/4.5.1/../../../../avr/lib/avr51/crtm128.o
 *(.init9)
 *(.text)
 .text          0x000000e6        0x4 c:/program files (x86)/atmel/avr studio 5.1/extensions/atmel/avrgcc/3.3.1.27/avrtoolchain/bin/../lib/gcc/avr/4.5.1/../../../../avr/lib/avr51/crtm128.o
                0x000000e6                __vector_22
                0x000000e6                __vector_28
                0x000000e6                __vector_1
                0x000000e6                __vector_32
                0x000000e6                __vector_34
                0x000000e6                __vector_24
                0x000000e6                __vector_12
                0x000000e6                __bad_interrupt
                0x000000e6                __vector_6
                0x000000e6                __vector_31
                0x000000e6                __vector_3
                0x000000e6                __vector_23
                0x000000e6                __vector_30
                0x000000e6                __vector_25
                0x000000e6                __vector_11
                0x000000e6                __vector_13
                0x000000e6                __vector_17
                0x000000e6                __vector_19
                0x000000e6                __vector_7
                0x000000e6                __vector_27
                0x000000e6                __vector_5
                0x000000e6                __vector_33
                0x000000e6                __vector_4
                0x000000e6                __vector_9
                0x000000e6                __vector_2
                0x000000e6                __vector_21
                0x000000e6                __vector_15
                0x000000e6                __vector_29
                0x000000e6                __vector_8
                0x000000e6                __vector_26
                0x000000e6                __vector_14
                0x000000e6                __vector_10
                0x000000e6                __vector_16
 .text          0x000000ea       0x70 AVRGCC3.o
                0x000000ea                main
 .text          0x0000015a      0x30e uart.o
                0x0000015a                uartInit
                0x000001ca                __vector_20
                0x0000022a                __vector_18
                0x0000028c                uartGetByte
                0x000002c4                uartSendByte
                0x00000302                printfP
 .text          0x00000468        0x0 c:/program files (x86)/atmel/avr studio 5.1/extensions/atmel/avrgcc/3.3.1.27/avrtoolchain/bin/../lib/gcc/avr/4.5.1/avr51\libgcc.a(_udivmodhi4.o)
 .text          0x00000468        0x0 c:/program files (x86)/atmel/avr studio 5.1/extensions/atmel/avrgcc/3.3.1.27/avrtoolchain/bin/../lib/gcc/avr/4.5.1/avr51\libgcc.a(_udivmodsi4.o)
 .text          0x00000468        0x0 c:/program files (x86)/atmel/avr studio 5.1/extensions/atmel/avrgcc/3.3.1.27/avrtoolchain/bin/../lib/gcc/avr/4.5.1/avr51\libgcc.a(_exit.o)
 .text          0x00000468        0x0 c:/program files (x86)/atmel/avr studio 5.1/extensions/atmel/avrgcc/3.3.1.27/avrtoolchain/bin/../lib/gcc/avr/4.5.1/avr51\libgcc.a(_clear_bss.o)
                0x00000468                . = ALIGN (0x2)
 *(.text.*)
 .text.libgcc   0x00000468       0x28 c:/program files (x86)/atmel/avr studio 5.1/extensions/atmel/avrgcc/3.3.1.27/avrtoolchain/bin/../lib/gcc/avr/4.5.1/avr51\libgcc.a(_udivmodhi4.o)
                0x00000468                __udivmodhi4
 .text.libgcc   0x00000490       0x44 c:/program files (x86)/atmel/avr studio 5.1/extensions/atmel/avrgcc/3.3.1.27/avrtoolchain/bin/../lib/gcc/avr/4.5.1/avr51\libgcc.a(_udivmodsi4.o)
                0x00000490                __udivmodsi4
 .text.libgcc   0x000004d4        0x0 c:/program files (x86)/atmel/avr studio 5.1/extensions/atmel/avrgcc/3.3.1.27/avrtoolchain/bin/../lib/gcc/avr/4.5.1/avr51\libgcc.a(_exit.o)
 .text.libgcc   0x000004d4        0x0 c:/program files (x86)/atmel/avr studio 5.1/extensions/atmel/avrgcc/3.3.1.27/avrtoolchain/bin/../lib/gcc/avr/4.5.1/avr51\libgcc.a(_clear_bss.o)
                0x000004d4                . = ALIGN (0x2)
 *(.fini9)
 .fini9         0x000004d4        0x0 c:/program files (x86)/atmel/avr studio 5.1/extensions/atmel/avrgcc/3.3.1.27/avrtoolchain/bin/../lib/gcc/avr/4.5.1/avr51\libgcc.a(_exit.o)
                0x000004d4                _exit
                0x000004d4                exit
 *(.fini9)
 *(.fini8)
 *(.fini8)
 *(.fini7)
 *(.fini7)
 *(.fini6)
 *(.fini6)
 *(.fini5)
 *(.fini5)
 *(.fini4)
 *(.fini4)
 *(.fini3)
 *(.fini3)
 *(.fini2)
 *(.fini2)
 *(.fini1)
 *(.fini1)
 *(.fini0)
 .fini0         0x000004d4        0x4 c:/program files (x86)/atmel/avr studio 5.1/extensions/atmel/avrgcc/3.3.1.27/avrtoolchain/bin/../lib/gcc/avr/4.5.1/avr51\libgcc.a(_exit.o)
 *(.fini0)
                0x000004d8                _etext = .

.data           0x00800100        0x0 load address 0x000004d8
                0x00800100                PROVIDE (__data_start, .)
 *(.data)
 .data          0x00800100        0x0 c:/program files (x86)/atmel/avr studio 5.1/extensions/atmel/avrgcc/3.3.1.27/avrtoolchain/bin/../lib/gcc/avr/4.5.1/../../../../avr/lib/avr51/crtm128.o
 .data          0x00800100        0x0 AVRGCC3.o
 .data          0x00800100        0x0 uart.o
 .data          0x00800100        0x0 c:/program files (x86)/atmel/avr studio 5.1/extensions/atmel/avrgcc/3.3.1.27/avrtoolchain/bin/../lib/gcc/avr/4.5.1/avr51\libgcc.a(_udivmodhi4.o)
 .data          0x00800100        0x0 c:/program files (x86)/atmel/avr studio 5.1/extensions/atmel/avrgcc/3.3.1.27/avrtoolchain/bin/../lib/gcc/avr/4.5.1/avr51\libgcc.a(_udivmodsi4.o)
 .data          0x00800100        0x0 c:/program files (x86)/atmel/avr studio 5.1/extensions/atmel/avrgcc/3.3.1.27/avrtoolchain/bin/../lib/gcc/avr/4.5.1/avr51\libgcc.a(_exit.o)
 .data          0x00800100        0x0 c:/program files (x86)/atmel/avr studio 5.1/extensions/atmel/avrgcc/3.3.1.27/avrtoolchain/bin/../lib/gcc/avr/4.5.1/avr51\libgcc.a(_clear_bss.o)
 *(.data*)
 *(.rodata)
 *(.rodata*)
 *(.gnu.linkonce.d*)
                0x00800100                . = ALIGN (0x2)
                0x00800100                _edata = .
                0x00800100                PROVIDE (__data_end, .)

.bss            0x00800100       0x14
                0x00800100                PROVIDE (__bss_start, .)
 *(.bss)
 .bss           0x00800100        0x0 c:/program files (x86)/atmel/avr studio 5.1/extensions/atmel/avrgcc/3.3.1.27/avrtoolchain/bin/../lib/gcc/avr/4.5.1/../../../../avr/lib/avr51/crtm128.o
 .bss           0x00800100        0x0 AVRGCC3.o
 .bss           0x00800100        0x0 uart.o
 .bss           0x00800100        0x0 c:/program files (x86)/atmel/avr studio 5.1/extensions/atmel/avrgcc/3.3.1.27/avrtoolchain/bin/../lib/gcc/avr/4.5.1/avr51\libgcc.a(_udivmodhi4.o)
 .bss           0x00800100        0x0 c:/program files (x86)/atmel/avr studio 5.1/extensions/atmel/avrgcc/3.3.1.27/avrtoolchain/bin/../lib/gcc/avr/4.5.1/avr51\libgcc.a(_udivmodsi4.o)
 .bss           0x00800100        0x0 c:/program files (x86)/atmel/avr studio 5.1/extensions/atmel/avrgcc/3.3.1.27/avrtoolchain/bin/../lib/gcc/avr/4.5.1/avr51\libgcc.a(_exit.o)
 .bss           0x00800100        0x0 c:/program files (x86)/atmel/avr studio 5.1/extensions/atmel/avrgcc/3.3.1.27/avrtoolchain/bin/../lib/gcc/avr/4.5.1/avr51\libgcc.a(_clear_bss.o)
 *(.bss*)
 *(COMMON)
 COMMON         0x00800100       0x14 uart.o
                0x00800100                UartRxBuffer
                0x00800108                UartTxBuffer
                0x00800110                UartRxBufferStart
                0x00800111                UartTxBufferStart
                0x00800112                UartTxBufferLen
                0x00800113                UartRxBufferLen
                0x00800114                PROVIDE (__bss_end, .)
                0x000004d8                __data_load_start = LOADADDR (.data)
                0x000004d8                __data_load_end = (__data_load_start + SIZEOF (.data))

.noinit         0x00800114        0x0
                0x00800114                PROVIDE (__noinit_start, .)
 *(.noinit*)
                0x00800114                PROVIDE (__noinit_end, .)
                0x00800114                _end = .
                0x00800114                PROVIDE (__heap_start, .)

.eeprom         0x00810000        0x0
 *(.eeprom*)
                0x00810000                __eeprom_end = .

.fuse
 *(.fuse)
 *(.lfuse)
 *(.hfuse)
 *(.efuse)

.lock
 *(.lock*)

.signature
 *(.signature*)

.stab           0x00000000      0x6cc
 *(.stab)
 .stab          0x00000000      0x6cc c:/program files (x86)/atmel/avr studio 5.1/extensions/atmel/avrgcc/3.3.1.27/avrtoolchain/bin/../lib/gcc/avr/4.5.1/../../../../avr/lib/avr51/crtm128.o

.stabstr        0x00000000       0x90
 *(.stabstr)
 .stabstr       0x00000000       0x90 c:/program files (x86)/atmel/avr studio 5.1/extensions/atmel/avrgcc/3.3.1.27/avrtoolchain/bin/../lib/gcc/avr/4.5.1/../../../../avr/lib/avr51/crtm128.o

.stab.excl
 *(.stab.excl)

.stab.exclstr
 *(.stab.exclstr)

.stab.index
 *(.stab.index)

.stab.indexstr
 *(.stab.indexstr)

.comment
 *(.comment)

.debug
 *(.debug)

.line
 *(.line)

.debug_srcinfo
 *(.debug_srcinfo)

.debug_sfnames
 *(.debug_sfnames)

.debug_aranges  0x00000000       0x40
 *(.debug_aranges)
 .debug_aranges
                0x00000000       0x20 AVRGCC3.o
 .debug_aranges
                0x00000020       0x20 uart.o

.debug_pubnames
                0x00000000       0xfd
 *(.debug_pubnames)
 .debug_pubnames
                0x00000000       0x1b AVRGCC3.o
 .debug_pubnames
                0x0000001b       0xe2 uart.o

.debug_info     0x00000000      0x542
 *(.debug_info)
 .debug_info    0x00000000      0x1a3 AVRGCC3.o
 .debug_info    0x000001a3      0x39f uart.o
 *(.gnu.linkonce.wi.*)

.debug_abbrev   0x00000000      0x252
 *(.debug_abbrev)
 .debug_abbrev  0x00000000      0x104 AVRGCC3.o
 .debug_abbrev  0x00000104      0x14e uart.o

.debug_line     0x00000000      0x65c
 *(.debug_line)
 .debug_line    0x00000000      0x1f6 AVRGCC3.o
 .debug_line    0x000001f6      0x466 uart.o

.debug_frame    0x00000000       0x90
 *(.debug_frame)
 .debug_frame   0x00000000       0x20 AVRGCC3.o
 .debug_frame   0x00000020       0x70 uart.o

.debug_str      0x00000000      0x244
 *(.debug_str)
 .debug_str     0x00000000      0x10b AVRGCC3.o
                                0x13f (size before relaxing)
 .debug_str     0x0000010b      0x139 uart.o
                                0x214 (size before relaxing)

.debug_loc      0x00000000      0x3dc
 *(.debug_loc)
 .debug_loc     0x00000000      0x3dc uart.o

.debug_macinfo
 *(.debug_macinfo)
OUTPUT(AVRGCC3.elf elf32-avr)
LOAD linker stubs

.debug_pubtypes
                0x00000000       0x90
 .debug_pubtypes
                0x00000000       0x38 AVRGCC3.o
 .debug_pubtypes
                0x00000038       0x58 uart.o
